╔══════════════════════════════════════════════════════════════════════════╗
║                                                                          ║
║     🚀  CRIAR WARP ROUTE EVM ↔ TERRA CLASSIC — HYPERLANE CLI  🚀       ║
║                                                                          ║
║     Config: warp-evm-config.json     Data: 2026-03-11 02:10:18          ║
║                                                                          ║
╚══════════════════════════════════════════════════════════════════════════╝

[0;32m✅[0m Configuração: /home/lunc/cw-hyperlane/script-certo/warp-evm-config.json
[1;33m⚠️ [0m Estado anterior: rede=sepolia, token=xptv, warp=0x7d92c2E01933F1C651845152DBd4222d475Bd9f0, igp=0xf285D5769db5AE6E79Bb3179d03082f6bc47055f
   Para recomeçar: [1;33mrm -f /home/lunc/cw-hyperlane/script-certo/.warp-evm-state.json[0m

[0;36m[1mPASSO 1/2 — SELECIONAR TOKEN (Terra Classic)[0m
────────────────────────────────────────────────────────────────
  Tokens configurados em [0;36mwarp-evm-config.json[0m:

   [1m[1][0m  [0;36mjuris[0m — Juris Token (JURIS) [0;36m[cw20/collateral][0m [0;32m[warp terra deployado][0m
        Owner:      terra12awgqgwm2evj05ndtgs0xa35uunlpc76d85pze
        CW20:       terra1w7d0jqehn0ja3hkzsm0psk6z2hjz06lsq0nxnwkzkkq4fqwgq6tqa5te8e
        Warp Terra: [0;32mterra1stu3cl7mhtsc2mf9cputawfd6v6e4a2nkmhhphh47lsrr3j6ktdqlcfe2l[0m

   [1m[2][0m  [0;36mustc[0m — Wrapped TerraClassic USD (USTC) [0;36m[native/collateral][0m [0;32m[warp terra deployado][0m
        Owner:      terra12awgqgwm2evj05ndtgs0xa35uunlpc76d85pze
        Denom:      uusd
        Warp Terra: [0;32mterra1rnpvpwvqcf94keldtm2udt4tqhwthpw5cu94m443rz5ue7rvvkjq9nklml[0m

   [1m[3][0m  [0;36mwlunc[0m — Wrapped Terra Classic LUNC (LUNC) [0;36m[native/collateral][0m [0;32m[warp terra deployado][0m
        Owner:      terra12awgqgwm2evj05ndtgs0xa35uunlpc76d85pze
        Denom:      uluna
        Warp Terra: [0;32mterra1zlm0h2xu6rhnjchn29hxnpvr74uxxqetar9y75zcehyx2mqezg9slj09ml[0m

   [1m[4][0m  [0;36mxpto[0m — XPTO Token (XPTO) [0;36m[cw20/collateral][0m [0;32m[warp terra deployado][0m
        Owner:      terra12awgqgwm2evj05ndtgs0xa35uunlpc76d85pze
        CW20:       terra1zle6pwm9aztwu228e0spxrydlvmhj2qrq8ap3x2wrjc52kdvu4fs20rkch
        Warp Terra: [0;32mterra16ql6l4fuudg0fxarcm4ukxlw0jalg5ljv8kg6h8f7dk9t2e7y6ssq2hqrm[0m

   [1m[5][0m  [0;36mxptv[0m — XPTV Token (XPTV) [0;36m[cw20/collateral][0m [0;32m[warp terra deployado][0m
        Owner:      terra12awgqgwm2evj05ndtgs0xa35uunlpc76d85pze
        CW20:       terra19ujvy60tjeyehjrwlrdpqlp0gxmtt4qv452nwjqc6w6m38pm8xmq22lux3
        Warp Terra: [0;32mterra1n8y4sj9lrqq66pf7je0nm7s6nhln5z4s3accw9g2aassdh8dzqts9y0928[0m

   [1m[6][0m  [0;36mxpv[0m — XPV Token (XPV) [0;36m[cw20/collateral][0m [0;32m[warp terra deployado][0m
        Owner:      terra12awgqgwm2evj05ndtgs0xa35uunlpc76d85pze
        CW20:       terra1f2jw36hc7fzeu7dz2fhk250ezec7e80c2s6uxt3ry5ujjjslf9nqwvpu88
        Warp Terra: [0;32mterra1dnflusc7slapvals97em3fj4vrfyx90npr3znq6y45qjy7hhd6jqchqsgx[0m

[0;32m✅[0m Token selecionado: [0;36mxpv[0m — XPV Token (XPV)

[0;36m[1mPASSO 2/2 — SELECIONAR REDE EVM[0m
────────────────────────────────────────────────────────────────
  Redes disponíveis em [0;36mwarp-evm-config.json[0m:

   [0;31m[-][0m  arbitrum — Arbitrum One [0;31m[desabilitado][0m
   [0;31m[-][0m  bsc — BSC Mainnet [0;31m[desabilitado][0m
   [1m[1][0m  [0;36mbsctestnet[0m — BSC Testnet (chain: 97) [1;33m[testnet][0m [0;34m[novo deploy][0m
        Mailbox: 0xF9F6F5646F478d5ab4e20B0F910C92F1CCC9Cc6D

   [0;31m[-][0m  ethereum — Ethereum Mainnet [0;31m[desabilitado][0m
   [0;31m[-][0m  optimism — Optimism [0;31m[desabilitado][0m
   [0;31m[-][0m  polygon — Polygon Mainnet [0;31m[desabilitado][0m
   [1m[2][0m  [0;36msepolia[0m — Ethereum Sepolia Testnet (chain: 11155111) [1;33m[testnet][0m [0;34m[novo deploy][0m
        Mailbox: 0xfFAEF09B3cd11D9b20d1a19bECca54EEC2884766

[0;32m✅[0m Rede selecionada: [0;36msepolia[0m
[0;34mℹ️ [0m Estado anterior era para xptv/sepolia — ignorado para xpv/sepolia.

╔══════════════════════════════════════════════════════════════════════════╗
║   📋  RESUMO: Token [0;36mxpv[0m → Rede [0;36mEthereum Sepolia Testnet[0m
╚══════════════════════════════════════════════════════════════════════════╝

  [1m🌐 REDE EVM[0m
     Ethereum Sepolia Testnet  |  Chain: 11155111  |  Domain: 11155111
     RPC: https://ethereum-sepolia-rpc.publicnode.com

  [1m📮 MAILBOX[0m  —  hub central de mensagens
     [0;32m0xfFAEF09B3cd11D9b20d1a19bECca54EEC2884766[0m

  [1m🔐 ISM[0m  —  valida mensagens recebidas da Terra Classic
     Tipo:       messageIdMultisigIsm
     Validators: 0x8804770d6a346210c0fd011258fdf3ab0a5bb0d0
     Threshold:  1

  [1m🪝 HOOK[0m  —  IGP customizado (hookType=4) como hook do Warp
     Merkle Tree: 0x4917a9746A7B6E0A57159cCb7F5a6744247f2d0d

  [1m⛽ IGP[0m  —  paga gas na Terra Classic usando ETH
     Gas Oracle:    0x7113Df4d1D8B230e6339011d10277a6E5AC4eC9c
     Gas Overhead:  200000
     Exchange Rate: 142244393  (→ Terra domain 1325)
     Gas Price:     38325000000 wei

  [1m🪙 TOKEN[0m  —  XPV Token (XPV)
     Tipo EVM:   synthetic  |  Decimais: 6
     Status:     [1;33mNovo deploy[0m

  [1m🌉 LINK TERRA CLASSIC[0m  —  para enrollRemoteRouter
     Tipo:    cw20 / collateral
     CW20:    terra1f2jw36hc7fzeu7dz2fhk250ezec7e80c2s6uxt3ry5ujjjslf9nqwvpu88
     Owner:   terra12awgqgwm2evj05ndtgs0xa35uunlpc76d85pze
     Warp:    [0;32mterra1dnflusc7slapvals97em3fj4vrfyx90npr3znq6y45qjy7hhd6jqchqsgx[0m
     Hex:     0x6cd3fe431e87fa1677f02fb3b8a65560d24315f308e2298344ad01227af76ea4

[0;32m✅[0m Carteira: [0;32m0x133fD7F7094DBd17b576907d052a5aCBd48dB526[0m
[0;34mℹ️ [0m Saldo: [0;32m1.005439385401464761 ETH[0m


[0;36m[1mFERRAMENTAS[0m
────────────────────────────────────────────────────────────────
[0;32m✅[0m hyperlane CLI
[0;32m✅[0m forge (Foundry)
[0;32m✅[0m cast (Foundry)
[0;34mℹ️ [0m Testando RPC: https://ethereum-sepolia-rpc.publicnode.com
{"jsonrpc":"2.0","result":"0x9f126c","id":1}
[0;32m✅[0m RPC OK: https://ethereum-sepolia-rpc.publicnode.com

[0;36m[1mETAPA 1 — GERAR WARP YAML[0m
────────────────────────────────────────────────────────────────
[0;32m✅[0m Arquivo: [0;36m/home/lunc/cw-hyperlane/script-certo/warp-sepolia-xpv.yaml[0m

[0;36m[1mETAPA 2 — DEPLOY DO WARP ROUTE[0m
────────────────────────────────────────────────────────────────
[0;34mℹ️ [0m Executando: hyperlane warp deploy ...
[1;33m⏳ Aguarde (~2 minutos)...[0m
Hyperlane CLI
Using warp route deployment config at /home/lunc/cw-hyperlane/script-certo/warp-sepolia-xpv.yaml
Hyperlane Warp Route Deployment
_______________________________

Warp Route Deployment Plan
==========================
📋 Token Standard: ERC20
📋 Warp Route Config:
┌─────────┬───────┬─────────────┬──────────────────────────────────────────────┬──────────────────────────────────────────────┬───────────────────────┐
│ (index) │ NFT?  │ Type        │ Owner                                        │ Mailbox                                      │ ISM Config(s)         │
├─────────┼───────┼─────────────┼──────────────────────────────────────────────┼──────────────────────────────────────────────┼───────────────────────┤
│ sepolia │ false │ 'synthetic' │ '0x133fD7F7094DBd17b576907d052a5aCBd48dB526' │ '0xfFAEF09B3cd11D9b20d1a19bECca54EEC2884766' │ 'See table(s) below.' │
└─────────┴───────┴─────────────┴──────────────────────────────────────────────┴──────────────────────────────────────────────┴───────────────────────┘
📋 sepolia ISM Config(s):
┌────────────┬──────────────────────────────────────────────┬────────────────────────┐
│ (index)    │ 0                                            │ Values                 │
├────────────┼──────────────────────────────────────────────┼────────────────────────┤
│ Type       │                                              │ 'messageIdMultisigIsm' │
│ Validators │ '0x8804770d6a346210c0fd011258fdf3ab0a5bb0d0' │                        │
│ Threshold  │                                              │ 1                      │
└────────────┴──────────────────────────────────────────────┴────────────────────────┘
Running pre-flight checks for chains...
✅ Sepolia signer is valid
✅ Chains are valid
✅ Balances are sufficient
🚀 All systems ready, captain! Beginning deployment...
Loading registry factory addresses for sepolia...
Creating messageIdMultisigIsm ISM for token on sepolia chain...
Finished creating messageIdMultisigIsm ISM for token on sepolia chain.
Config Hook is empty, skipping deployment.
Deploying to sepolia from https://sepolia.etherscan.io/address/0x133fD7F7094DBd17b576907d052a5aCBd48dB526
Deploying proxyAdmin on sepolia with constructor args ()...
Pending https://sepolia.etherscan.io/tx/0x3cb1dd2dd408e2b2c86c9bc288b895089c5e82a288029212f6bc631f0bf34743 (waiting 1 blocks for confirmation)
Error fetching contract verification status for 0x42D4F8aA5513811A23166Cbee26c5BDa8cf74037 on chain sepolia: Error: Error while performing request to Etherscan like API at api.etherscan.io: NOTOK Invalid API Key (#err2)|SEPOLIA-
Failed to verify implementation contract at address "0x42D4F8aA5513811A23166Cbee26c5BDa8cf74037" on chain "sepolia" Error: Error while performing request to Etherscan like API at api.etherscan.io: NOTOK Invalid API Key (#err2)|SEPOLIA-
    at handleEtherscanResponse (file:///home/lunc/.nvm/versions/node/v20.19.5/lib/node_modules/@hyperlane-xyz/cli/bundle/index.js:691206:15)
    at process.processTicksAndRejections (node:internal/process/task_queues:95:5)
    at async ContractVerifier.verify (file:///home/lunc/.nvm/versions/node/v20.19.5/lib/node_modules/@hyperlane-xyz/cli/bundle/index.js:698310:34)
    at async ContractVerifier.verifyContract (file:///home/lunc/.nvm/versions/node/v20.19.5/lib/node_modules/@hyperlane-xyz/cli/bundle/index.js:698159:9)
    at async HypERC20Deployer.deployContractFromFactory (file:///home/lunc/.nvm/versions/node/v20.19.5/lib/node_modules/@hyperlane-xyz/cli/bundle/index.js:697698:13)
    at async HypERC20Deployer.deployContracts (file:///home/lunc/.nvm/versions/node/v20.19.5/lib/node_modules/@hyperlane-xyz/cli/bundle/index.js:756331:26)
    at async file:///home/lunc/.nvm/versions/node/v20.19.5/lib/node_modules/@hyperlane-xyz/cli/bundle/index.js:697503:35
    at async runWithTimeout (file:///home/lunc/.nvm/versions/node/v20.19.5/lib/node_modules/@hyperlane-xyz/cli/bundle/index.js:895709:24)
    at async Promise.allSettled (index 0)
    at async HypERC20Deployer.deploy (file:///home/lunc/.nvm/versions/node/v20.19.5/lib/node_modules/@hyperlane-xyz/cli/bundle/index.js:697516:13)
Deploying HypERC20 on sepolia with constructor args (6, 1, 1, 0xfFAEF09B3cd11D9b20d1a19bECca54EEC2884766)...
Pending https://sepolia.etherscan.io/tx/0x43cbe6ad91593cdd5c955d9db20305f3032fa74d9fe574d3cc8ef57e00575a4e (waiting 1 blocks for confirmation)
Pending https://sepolia.etherscan.io/tx/0x40224e420aa16441154425ff64f05fa8009424b23d04db5f7e6179079aca012e (waiting 1 blocks for confirmation)
Error fetching contract verification status for 0x090ebe7441E4E9e38b1b664e32719AB7A5bc02CB on chain sepolia: Error: Error while performing request to Etherscan like API at api.etherscan.io: NOTOK Invalid API Key (#err2)|SEPOLIA-
Failed to verify implementation contract at address "0x090ebe7441E4E9e38b1b664e32719AB7A5bc02CB" on chain "sepolia" Error: Error while performing request to Etherscan like API at api.etherscan.io: NOTOK Invalid API Key (#err2)|SEPOLIA-
    at handleEtherscanResponse (file:///home/lunc/.nvm/versions/node/v20.19.5/lib/node_modules/@hyperlane-xyz/cli/bundle/index.js:691206:15)
    at process.processTicksAndRejections (node:internal/process/task_queues:95:5)
    at async ContractVerifier.verify (file:///home/lunc/.nvm/versions/node/v20.19.5/lib/node_modules/@hyperlane-xyz/cli/bundle/index.js:698310:34)
    at async ContractVerifier.verifyContract (file:///home/lunc/.nvm/versions/node/v20.19.5/lib/node_modules/@hyperlane-xyz/cli/bundle/index.js:698159:9)
    at async HypERC20Deployer.deployContractFromFactory (file:///home/lunc/.nvm/versions/node/v20.19.5/lib/node_modules/@hyperlane-xyz/cli/bundle/index.js:697698:13)
    at async HypERC20Deployer.deployContractWithName (file:///home/lunc/.nvm/versions/node/v20.19.5/lib/node_modules/@hyperlane-xyz/cli/bundle/index.js:697720:26)
    at async HypERC20Deployer.deployProxiedContract (file:///home/lunc/.nvm/versions/node/v20.19.5/lib/node_modules/@hyperlane-xyz/cli/bundle/index.js:697810:32)
    at async HypERC20Deployer.deployContracts (file:///home/lunc/.nvm/versions/node/v20.19.5/lib/node_modules/@hyperlane-xyz/cli/bundle/index.js:756351:31)
    at async file:///home/lunc/.nvm/versions/node/v20.19.5/lib/node_modules/@hyperlane-xyz/cli/bundle/index.js:697503:35
    at async runWithTimeout (file:///home/lunc/.nvm/versions/node/v20.19.5/lib/node_modules/@hyperlane-xyz/cli/bundle/index.js:895709:24)
Deploying TransparentUpgradeableProxy on sepolia with constructor args (0x090ebe7441E4E9e38b1b664e32719AB7A5bc02CB, 0x42D4F8aA5513811A23166Cbee26c5BDa8cf74037, 0xe80a7c79000000000000000000000000000000000000000000000000000000000000000000000000000000000000000000000000000000000000000000000000000000c000000000000000000000000000000000000000000000000000000000000001000000000000000000000000000000000000000000000000000000000000000000000000000000000000000000b14fbb042272786b4cb3af86207c20e4f865e0f3000000000000000000000000133fd7f7094dbd17b576907d052a5acbd48db526000000000000000000000000000000000000000000000000000000000000000958505620546f6b656e000000000000000000000000000000000000000000000000000000000000000000000000000000000000000000000000000000000000035850560000000000000000000000000000000000000000000000000000000000)...
Pending https://sepolia.etherscan.io/tx/0x07c329d02477214b80e4db934c0ebfae87fab367596f722f655f6c93b4a0127c (waiting 1 blocks for confirmation)
Error fetching contract verification status for 0x6a573cba0f06B3994bc8B31b737Ab50cdfc0aB8f on chain sepolia: Error: Error while performing request to Etherscan like API at api.etherscan.io: NOTOK Invalid API Key (#err2)|SEPOLIA-
Failed to verify proxy contract at address "0x6a573cba0f06B3994bc8B31b737Ab50cdfc0aB8f" on chain "sepolia" Error: Error while performing request to Etherscan like API at api.etherscan.io: NOTOK Invalid API Key (#err2)|SEPOLIA-
    at handleEtherscanResponse (file:///home/lunc/.nvm/versions/node/v20.19.5/lib/node_modules/@hyperlane-xyz/cli/bundle/index.js:691206:15)
    at process.processTicksAndRejections (node:internal/process/task_queues:95:5)
    at async ContractVerifier.verify (file:///home/lunc/.nvm/versions/node/v20.19.5/lib/node_modules/@hyperlane-xyz/cli/bundle/index.js:698307:34)
    at async ContractVerifier.verifyContract (file:///home/lunc/.nvm/versions/node/v20.19.5/lib/node_modules/@hyperlane-xyz/cli/bundle/index.js:698159:9)
    at async HypERC20Deployer.deployContractFromFactory (file:///home/lunc/.nvm/versions/node/v20.19.5/lib/node_modules/@hyperlane-xyz/cli/bundle/index.js:697698:13)
    at async HypERC20Deployer.deployProxy (file:///home/lunc/.nvm/versions/node/v20.19.5/lib/node_modules/@hyperlane-xyz/cli/bundle/index.js:697755:23)
    at async HypERC20Deployer.deployProxiedContract (file:///home/lunc/.nvm/versions/node/v20.19.5/lib/node_modules/@hyperlane-xyz/cli/bundle/index.js:697812:26)
    at async HypERC20Deployer.deployContracts (file:///home/lunc/.nvm/versions/node/v20.19.5/lib/node_modules/@hyperlane-xyz/cli/bundle/index.js:756351:31)
    at async file:///home/lunc/.nvm/versions/node/v20.19.5/lib/node_modules/@hyperlane-xyz/cli/bundle/index.js:697503:35
    at async runWithTimeout (file:///home/lunc/.nvm/versions/node/v20.19.5/lib/node_modules/@hyperlane-xyz/cli/bundle/index.js:895709:24)
Successfully deployed contracts on sepolia
✅ Warp contract deployments complete
Start enrolling cross chain routers
Missing address for contract "incrementalDomainRoutingIsmFactory" on chain sepolia
Warning: Core deployment incomplete for chain(s): sepolia. Please run 'core deploy' again for these chains to fix the deployment.
Comparing target ISM config with sepolia chain
Missing address for contract "incrementalDomainRoutingIsmFactory" on chain sepolia
Warning: Core deployment incomplete for chain(s): sepolia. Please run 'core deploy' again for these chains to fix the deployment.
Comparing target Hook config with current one for sepolia chain
Writing deployment artifacts...
Skipping adding warp route at github registry (not supported)
Now adding warp route at filesystem registry at /home/lunc/.hyperlane
Done adding warp route at filesystem registry
    tokens:
      - chainName: sepolia
        standard: EvmHypSynthetic
        decimals: 6
        symbol: XPV
        name: XPV Token
        addressOrDenom: "0x6a573cba0f06B3994bc8B31b737Ab50cdfc0aB8f"
    
Skipping adding warp route deploy config at github registry (not supported)
Now adding warp route deploy config at filesystem registry at /home/lunc/.hyperlane
Done adding warp route deploy config at filesystem registry
⛽️ Gas Usage Statistics
	- Gas required for warp deploy on sepolia: 0.000005318506963382 ETH
[0;32m✅[0m Warp Route: [0;32m0x6a573cba0f06B3994bc8B31b737Ab50cdfc0aB8f[0m

[0;36m[1mETAPA 3 — DEPLOY DO IGP CUSTOMIZADO[0m
────────────────────────────────────────────────────────────────
Warning: Target directory is not empty, but `--force` was specified
Initializing /tmp/igp-deploy-51102...
Installing forge-std in /tmp/igp-deploy-51102/lib/forge-std (url: https://github.com/foundry-rs/forge-std, tag: None)
Cloning into '/tmp/igp-deploy-51102/lib/forge-std'...
    Installed forge-std
    Initialized forge project
[0;34mℹ️ [0m Compilando...
Compiling 24 files with Solc 0.8.22
Solc 0.8.22 finished in 795.08ms
Compiler run successful!
note[mixed-case-variable]: mutable variables should use mixedCase
   --> src/TerraClassicIGP.sol:150:17
    |
150 |         uint256 REFUND_ADDRESS_OFFSET = 66;
    |                 ^^^^^^^^^^^^^^^^^^^^^ help: consider using: `refundAddressOffset`
    |
    = help: https://book.getfoundry.sh/reference/forge/forge-lint#mixed-case-variable

note[mixed-case-variable]: mutable variables should use mixedCase
   --> src/TerraClassicIGP.sol:160:17
    |
160 |         uint256 SENDER_OFFSET = 9;
    |                 ^^^^^^^^^^^^^ help: consider using: `senderOffset`
    |
    = help: https://book.getfoundry.sh/reference/forge/forge-lint#mixed-case-variable

note[mixed-case-variable]: mutable variables should use mixedCase
   --> src/TerraClassicIGP.sol:161:17
    |
161 |         uint256 DESTINATION_OFFSET_LOCAL = 41;
    |                 ^^^^^^^^^^^^^^^^^^^^^^^^ help: consider using: `destinationOffsetLocal`
    |
    = help: https://book.getfoundry.sh/reference/forge/forge-lint#mixed-case-variable

note[unwrapped-modifier-logic]: wrap modifier logic to reduce code size
  --> src/TerraClassicIGP.sol:46:5
   |
46 | /     modifier onlyOwner() {
47 | |         require(msg.sender == owner, "!owner");
48 | |         _;
49 | |     }
   | |_____^
   |
help: wrap modifier logic to reduce code size
   |
46 ~     modifier onlyOwner() {
47 +         _onlyOwner();
48 +         _;
49 +     }
50 + 
51 +     function _onlyOwner() internal {
52 +         require(msg.sender == owner, "!owner");
53 +     }
   |
   = help: https://book.getfoundry.sh/reference/forge/forge-lint#unwrapped-modifier-logic

note[asm-keccak256]: use of inefficient hashing mechanism; consider using inline assembly
  --> src/TerraClassicIGP.sol:93:29
   |
93 |         bytes32 messageId = keccak256(message);
   |                             ^^^^^^^^^^^^^^^^^^
   |
   = help: https://book.getfoundry.sh/reference/forge/forge-lint#asm-keccak256

[0;34mℹ️ [0m Deployando IGP em Ethereum Sepolia Testnet via cast send --create...

blockHash            0xd2a80ccff867e62ab3f1ea0b834424d9a1b286499f3d180e8f7bf08b7022c86c
blockNumber          10424955
contractAddress      0x4B3A327560f2838b0cC570D685809D3DBcf11ff5
cumulativeGasUsed    26770703
effectiveGasPrice    1000011
from                 0x133fD7F7094DBd17b576907d052a5aCBd48dB526
gasUsed              1441970
logs                 [{"address":"0x4b3a327560f2838b0cc570d685809d3dbcf11ff5","topics":["0xf87fa08ae8c61d63d66ef4ad3d050eb76d151119fef3efa830f31c8ede5e2b11","0x0000000000000000000000007113df4d1d8b230e6339011d10277a6e5ac4ec9c"],"data":"0x0000000000000000000000000000000000000000000000000000000000030d40","blockHash":"0xd2a80ccff867e62ab3f1ea0b834424d9a1b286499f3d180e8f7bf08b7022c86c","blockNumber":"0x9f127b","blockTimestamp":"0x69b0fa30","transactionHash":"0x8dc25fa98b652219e7e62b7d54c56ed173bcd3efa5942388f7374856f5d49d7c","transactionIndex":"0xfa","logIndex":"0x206","removed":false},{"address":"0x4b3a327560f2838b0cc570d685809d3dbcf11ff5","topics":["0x04d55a8be181fb8d75b76f2d48aa0b2ee40f47e53d6e61763eeeec46feea8a24","0x000000000000000000000000133fd7f7094dbd17b576907d052a5acbd48db526"],"data":"0x","blockHash":"0xd2a80ccff867e62ab3f1ea0b834424d9a1b286499f3d180e8f7bf08b7022c86c","blockNumber":"0x9f127b","blockTimestamp":"0x69b0fa30","transactionHash":"0x8dc25fa98b652219e7e62b7d54c56ed173bcd3efa5942388f7374856f5d49d7c","transactionIndex":"0xfa","logIndex":"0x207","removed":false}]
logsBloom            0x00000000000080000000000000000000000000000000000000000000000000000000000000000000010000000000000000000000000000000000008000000000800000000000000000000000000000000000000010000000000000000000000000000000000000000020000040000000000000000000000000000000000000008000000000000080000000000000000000000000000000000000000000000000000000000000000000000000000000000000000000000000000000000000020000000010000000000000000000000200000000000000000400000000000400000000000000000000000000000000000000000000000000000000000000400000
root                 
status               1 (success)
transactionHash      0x8dc25fa98b652219e7e62b7d54c56ed173bcd3efa5942388f7374856f5d49d7c
transactionIndex     250
type                 0
blobGasPrice         
blobGasUsed          
[0;32m✅[0m IGP deployado: [0;32m0x4B3A327560f2838b0cC570D685809D3DBcf11ff5[0m

[0;36m[1mETAPA 4 — CONFIGURAR GAS ORACLE (setRemoteGasData)[0m
────────────────────────────────────────────────────────────────
  Gas Oracle:    [0;32m0x7113Df4d1D8B230e6339011d10277a6E5AC4eC9c[0m
  Domain Terra:  [0;32m1325[0m
  Exchange Rate: [0;32m142244393[0m
  Gas Price:     [0;32m38325000000 wei[0m

  [0;34mℹ️ [0m Nota: setRemoteGasData é chamado no GAS ORACLE (não no IGP).
           O IGP customizado (TerraClassicIGPStandalone) consulta o oracle
           para calcular o custo de gas.

[0;32m✅[0m Gas Oracle já configurado para Terra Classic (domain 1325)!
  Exchange Rate atual: [0;32m142244393 [1.422e8][0m
[0;34mℹ️ [0m Atualizando com novos valores...
[0;32m✅[0m Gas Oracle configurado para Terra Classic!
   TX: [0;34mhttps://sepolia.etherscan.io/tx/0xc884bfdf8e32ac5d7e4a910d2aa029a692399c334d63e0e904aab4cfa2480a6e[0m

[0;36m[1mETAPA 5 — CONFIGURAR HOOK (AggregationHook = MerkleTree + IGP)[0m
────────────────────────────────────────────────────────────────
  Warp Route:       [0;32m0x6a573cba0f06B3994bc8B31b737Ab50cdfc0aB8f[0m
  MerkleTree Hook:  [0;32m0x4917a9746A7B6E0A57159cCb7F5a6744247f2d0d[0m
  Custom IGP:       [0;32m0x4B3A327560f2838b0cC570D685809D3DBcf11ff5[0m
  AggFactory:       [0;32m0x160C28C92cA453570aD7C031972b58d5Dd128F72[0m

  [0;34mℹ️ [0m O AggregationHook garante que as msgs entram na merkle tree
  [0;34mℹ️ [0m (necessário para o validator assinar) E pagam o IGP customizado.

[0;34mℹ️ [0m Deployando AggregationHook [MerkleTree + IGP] via factory...
   TX AggHook: [0;34mhttps://sepolia.etherscan.io/tx/0x15352cbfdaa40410819e827eeab1e7d6b5208db1053de79ddb8e28492cb0e33d[0m
[0;32m✅[0m AggregationHook: [0;32m0x1ee6bb4882acAA178927B9Fc903a575D1BA5b59E[0m
[0;34mℹ️ [0m Hook atual: 0x0000000000000000000000000000000000000000
[0;34mℹ️ [0m Setando hook para AggregationHook [MerkleTree + IGP]...
[0;32m✅[0m Hook atualizado: [0;32m0x1ee6bb4882acAA178927B9Fc903a575D1BA5b59E[0m
   TX: [0;34mhttps://sepolia.etherscan.io/tx/0x3b33de794c99efd3bb21a23c61f3201906a72231e5a8f8550bb3b3a7f00ad3ce[0m

[0;36m[1mETAPA 6 — CONFIGURAR ISM DO WARP ROUTE[0m
────────────────────────────────────────────────────────────────
[0;34mℹ️ [0m ISM não definido explicitamente → Warp usará o ISM padrão do Mailbox.
  Mailbox default ISM:
  [0;36mcast call 0xfFAEF09B3cd11D9b20d1a19bECca54EEC2884766 "defaultIsm()(address)" --rpc-url https://ethereum-sepolia-rpc.publicnode.com[0m

[0;36m[1mETAPA 7 — VINCULAR ROTA TERRA CLASSIC (enrollRemoteRouter)[0m
────────────────────────────────────────────────────────────────
  sepolia (domain 11155111) → Terra Classic (domain 1325)
  Terra Warp bytes32: [0;32m6cd3fe431e87fa1677f02fb3b8a65560d24315f308e2298344ad01227af76ea4[0m
[0;32m✅[0m Rota Terra Classic vinculada!
   TX: [0;34mhttps://sepolia.etherscan.io/tx/0x63e5679b31c3c47569a7ee490d0e5205a1dd42834d1d63ad622a44379bd7617f[0m

[0;36m[1mETAPA 7B — VINCULAR ROTA EVM NO TERRA CLASSIC (set_route)[0m
────────────────────────────────────────────────────────────────
  Terra Classic Warp: [0;32mterra1dnflusc7slapvals97em3fj4vrfyx90npr3znq6y45qjy7hhd6jqchqsgx[0m
  EVM (sepolia) domain 11155111 → bytes32: [0;32m0000000000000000000000006a573cba0f06B3994bc8B31b737Ab50cdfc0aB8f[0m

[0;32m✅[0m set_route executado! Terra Classic conhece o Warp sepolia.
   TX: [0;34mhttps://finder.hexxagon.io/rebel-2/tx/CD75A30401F614E2383F3AE7E3411A4CCDAB8C8BD113B5B50C395E5C70B28BCB[0m

[0;36m[1mETAPA 8 — VERIFICAÇÃO FINAL[0m
────────────────────────────────────────────────────────────────
[0;34mℹ️ [0m 1. Mailbox (0xfFAEF09B3cd11D9b20d1a19bECca54EEC2884766)...
[0;32m✅[0m Mailbox ok
[0;34mℹ️ [0m 2. Warp Route (0x6a573cba0f06B3994bc8B31b737Ab50cdfc0aB8f)...
[0;32m✅[0m Warp Route existe
[0;34mℹ️ [0m 3. Hook do Warp Route...
[0;32m✅[0m Hook = AggregationHook ✅  (0x1ee6bb4882acAA178927B9Fc903a575D1BA5b59E)
[0;34mℹ️ [0m 4. hookType do IGP customizado...
[0;32m✅[0m hookType IGP = 4 (INTERCHAIN_GAS_PAYMASTER) ✅
[0;34mℹ️ [0m 5. ISM do Warp Route...
[0;32m✅[0m ISM: 0xb14FBB042272786B4Cb3af86207c20E4f865e0F3
[0;34mℹ️ [0m 6. Rota Terra Classic...
[0;32m✅[0m Rota Terra Classic vinculada ✅

╔══════════════════════════════════════════════════════════════════════════╗
║                                                                          ║
║        ✅✅✅  WARP ROUTE CONFIGURADO COM SUCESSO!  ✅✅✅             ║
║                                                                          ║
╚══════════════════════════════════════════════════════════════════════════╝

[0;32m[1m📋 RESUMO — XPV em Ethereum Sepolia Testnet[0m
────────────────────────────────────────────────────────────────────────
  Token:       XPV Token (XPV)
  📮 Mailbox:  [0;32m0xfFAEF09B3cd11D9b20d1a19bECca54EEC2884766[0m
  🔗 Warp EVM: [0;32m0x6a573cba0f06B3994bc8B31b737Ab50cdfc0aB8f[0m
  ⛽ IGP:       [0;32m0x4B3A327560f2838b0cC570D685809D3DBcf11ff5[0m
  🔐 ISM:      messageIdMultisigIsm | validators: 0x8804770d6a346210c0fd011258fdf3ab0a5bb0d0 | threshold: 1
  🪝 Hook:     IGP customizado (hookType=4)
  🌍 Domains:  EVM=11155111 | Terra=1325

  Terra Classic (xpv):
    Tipo:  cw20 / collateral
    Warp:  [0;32mterra1dnflusc7slapvals97em3fj4vrfyx90npr3znq6y45qjy7hhd6jqchqsgx[0m

  IGP config → Terra Classic:
    Exchange Rate: 142244393
    Gas Price:     38325000000 wei

[0;36m🎯 LINKS:[0m
  Warp Route:  [0;34mhttps://sepolia.etherscan.io/address/0x6a573cba0f06B3994bc8B31b737Ab50cdfc0aB8f[0m
  Hyperlane:   [0;34mhttps://explorer.hyperlane.xyz[0m
────────────────────────────────────────────────────────────────────────
[0;34mℹ️ [0m Log: [1;33m/home/lunc/cw-hyperlane/script-certo/create-warp-evm.log[0m

[0;32m✅[0m Relatório: [1;33m/home/lunc/cw-hyperlane/script-certo/WARP-SEPOLIA-XPV.txt[0m

